// Jest Snapshot v1, https://goo.gl/fbAQLP

exports[`Storyshots Embed React Default 1`] = `<div />`;
